
> abse@0.1.0 build
> npm run bundle:base44-functions && npm run typecheck && vite build --configLoader runner


> abse@0.1.0 bundle:base44-functions
> node scripts/bundle-base44-functions.mjs

Bundled 18 Base44 functions.

> abse@0.1.0 typecheck
> tsc -p tsconfig.app.json --pretty false && tsc -p tsconfig.node.json --pretty false

[36mvite v6.4.3 [32mbuilding for production...[36m[39m
transforming...
[32m✓[39m 1714 modules transformed.
rendering chunks...
computing gzip size...
[2mdist/[22m[32mindex.html                 [39m[1m[2m  0.60 kB[22m[1m[22m[2m │ gzip:   0.37 kB[22m
[2mdist/[22m[35massets/index-Ct5pDx4p.css  [39m[1m[2m 27.43 kB[22m[1m[22m[2m │ gzip:   6.54 kB[22m
[2mdist/[22m[36massets/index-BU9VcKCg.js   [39m[1m[2m357.13 kB[22m[1m[22m[2m │ gzip: 113.71 kB[22m
[32m✓ built in 4.18s[39m
